{"$first":"#00f","$global-variable":"#f00","$references":"#00f","$scss-function-with-variable":"\"#f00\""}
