{"$global-variable":"17px","$global-with-function":"#0b1520"}