{"$button-color-global":"#00f","$tag-color-global":"#0f0"}